This is pdfTeX, Version 3.141592653-2.6-1.40.24 (MiKTeX 22.3) (preloaded format=pdflatex 2022.5.6)  21 JUL 2026 19:38
entering extended mode
 restricted \write18 enabled.
 %&-line parsing enabled.
**./main.tex
(main.tex
LaTeX2e <2021-11-15> patch level 1
L3 programming layer <2022-04-29> (elsarticle.cls
Document Class: elsarticle 2025/01/11, 3.4c: Elsevier Ltd
(C:\Users\martinez\AppData\Local\Programs\MiKTeX\tex/latex/base\fontenc.sty
Package: fontenc 2021/04/29 v2.0v Standard LaTeX package
)
(C:\Users\martinez\AppData\Local\Programs\MiKTeX\tex/latex/l3kernel\expl3.sty
Package: expl3 2022-04-29 L3 programming layer (loader) 

(C:\Users\martinez\AppData\Local\Programs\MiKTeX\tex/latex/l3backend\l3backend-
pdftex.def
File: l3backend-pdftex.def 2022-04-20 L3 backend support: PDF output (pdfTeX)
\l__color_backend_stack_int=\count185
\l__pdf_internal_box=\box50
))
(C:\Users\martinez\AppData\Local\Programs\MiKTeX\tex/latex/l3packages/xparse\xp
arse.sty
Package: xparse 2022-01-12 L3 Experimental document command parser
)
(C:\Users\martinez\AppData\Local\Programs\MiKTeX\tex/latex/etoolbox\etoolbox.st
y
Package: etoolbox 2020/10/05 v2.5k e-TeX tools for LaTeX (JAW)
\etb@tempcnta=\count186
)
\@bls=\dimen138
 (C:\Users\martinez\AppData\Local\Programs\MiKTeX\tex/latex/base\article.cls
Document Class: article 2021/10/04 v1.4n Standard LaTeX document class
(C:\Users\martinez\AppData\Local\Programs\MiKTeX\tex/latex/base\size12.clo
File: size12.clo 2021/10/04 v1.4n Standard LaTeX file (size option)
)
\c@part=\count187
\c@section=\count188
\c@subsection=\count189
\c@subsubsection=\count190
\c@paragraph=\count191
\c@subparagraph=\count192
\c@figure=\count193
\c@table=\count194
\abovecaptionskip=\skip47
\belowcaptionskip=\skip48
\bibindent=\dimen139
)
(C:\Users\martinez\AppData\Local\Programs\MiKTeX\tex/latex/graphics\graphicx.st
y
Package: graphicx 2021/09/16 v1.2d Enhanced LaTeX Graphics (DPC,SPQR)

(C:\Users\martinez\AppData\Local\Programs\MiKTeX\tex/latex/graphics\keyval.sty
Package: keyval 2014/10/28 v1.15 key=value parser (DPC)
\KV@toks@=\toks16
)
(C:\Users\martinez\AppData\Local\Programs\MiKTeX\tex/latex/graphics\graphics.st
y
Package: graphics 2021/03/04 v1.4d Standard LaTeX Graphics (DPC,SPQR)
 (C:\Users\martinez\AppData\Local\Programs\MiKTeX\tex/latex/graphics\trig.sty
Package: trig 2021/08/11 v1.11 sin cos tan (DPC)
)
(C:\Users\martinez\AppData\Local\Programs\MiKTeX\tex/latex/graphics-cfg\graphic
s.cfg
File: graphics.cfg 2016/06/04 v1.11 sample graphics configuration
)
Package graphics Info: Driver file: pdftex.def on input line 107.

(C:\Users\martinez\AppData\Local\Programs\MiKTeX\tex/latex/graphics-def\pdftex.
def
File: pdftex.def 2020/10/05 v1.2a Graphics/color driver for pdftex
))
\Gin@req@height=\dimen140
\Gin@req@width=\dimen141
)
\c@tnote=\count195
\c@fnote=\count196
\c@cnote=\count197
\c@ead=\count198
\c@elsarticle@author=\count199
\@eadauthor=\toks17
\c@affn=\count266
\absbox=\box51
\elsarticlehighlightsbox=\box52
\elsarticlegrabsbox=\box53
\keybox=\box54
\Columnwidth=\dimen142
\space@left=\dimen143
\els@boxa=\box55
\els@boxb=\box56
\leftMargin=\dimen144
\@enLab=\toks18
\@sep=\skip49
\@@sep=\skip50
 (main.spl)
(C:\Users\martinez\AppData\Local\Programs\MiKTeX\tex/latex/natbib\natbib.sty
Package: natbib 2010/09/13 8.31b (PWD, AO)
\bibhang=\skip51
\bibsep=\skip52
LaTeX Info: Redefining \cite on input line 694.
\c@NAT@ctr=\count267
)
\splwrite=\write3
\openout3 = `main.spl'.

\appnamewidth=\dimen145
)
(C:\Users\martinez\AppData\Local\Programs\MiKTeX\tex/latex/amsmath\amsmath.sty
Package: amsmath 2021/10/15 v2.17l AMS math features
\@mathmargin=\skip53

For additional information on amsmath, use the `?' option.
(C:\Users\martinez\AppData\Local\Programs\MiKTeX\tex/latex/amsmath\amstext.sty
Package: amstext 2021/08/26 v2.01 AMS text

(C:\Users\martinez\AppData\Local\Programs\MiKTeX\tex/latex/amsmath\amsgen.sty
File: amsgen.sty 1999/11/30 v2.0 generic functions
\@emptytoks=\toks19
\ex@=\dimen146
)) (C:\Users\martinez\AppData\Local\Programs\MiKTeX\tex/latex/amsmath\amsbsy.st
y
Package: amsbsy 1999/11/29 v1.2d Bold Symbols
\pmbraise@=\dimen147
) (C:\Users\martinez\AppData\Local\Programs\MiKTeX\tex/latex/amsmath\amsopn.sty
Package: amsopn 2021/08/26 v2.02 operator names
)
\inf@bad=\count268
LaTeX Info: Redefining \frac on input line 234.
\uproot@=\count269
\leftroot@=\count270
LaTeX Info: Redefining \overline on input line 399.
\classnum@=\count271
\DOTSCASE@=\count272
LaTeX Info: Redefining \ldots on input line 496.
LaTeX Info: Redefining \dots on input line 499.
LaTeX Info: Redefining \cdots on input line 620.
\Mathstrutbox@=\box57
\strutbox@=\box58
\big@size=\dimen148
LaTeX Font Info:    Redeclaring font encoding OML on input line 743.
LaTeX Font Info:    Redeclaring font encoding OMS on input line 744.
\macc@depth=\count273
\c@MaxMatrixCols=\count274
\dotsspace@=\muskip16
\c@parentequation=\count275
\dspbrk@lvl=\count276
\tag@help=\toks20
\row@=\count277
\column@=\count278
\maxfields@=\count279
\andhelp@=\toks21
\eqnshift@=\dimen149
\alignsep@=\dimen150
\tagshift@=\dimen151
\tagwidth@=\dimen152
\totwidth@=\dimen153
\lineht@=\dimen154
\@envbody=\toks22
\multlinegap=\skip54
\multlinetaggap=\skip55
\mathdisplay@stack=\toks23
LaTeX Info: Redefining \[ on input line 2938.
LaTeX Info: Redefining \] on input line 2939.
)
(C:\Users\martinez\AppData\Local\Programs\MiKTeX\tex/latex/amsfonts\amssymb.sty
Package: amssymb 2013/01/14 v3.01 AMS font symbols

(C:\Users\martinez\AppData\Local\Programs\MiKTeX\tex/latex/amsfonts\amsfonts.st
y
Package: amsfonts 2013/01/14 v3.01 Basic AMSFonts support
\symAMSa=\mathgroup4
\symAMSb=\mathgroup5
LaTeX Font Info:    Redeclaring math symbol \hbar on input line 98.
LaTeX Font Info:    Overwriting math alphabet `\mathfrak' in version `bold'
(Font)                  U/euf/m/n --> U/euf/b/n on input line 106.
))
(C:\Users\martinez\AppData\Local\Programs\MiKTeX\tex/latex/amscls\amsthm.sty
Package: amsthm 2020/05/29 v2.20.6
\thm@style=\toks24
\thm@bodyfont=\toks25
\thm@headfont=\toks26
\thm@notefont=\toks27
\thm@headpunct=\toks28
\thm@preskip=\skip56
\thm@postskip=\skip57
\thm@headsep=\skip58
\dth@everypar=\toks29
LaTeX Info: Redefining \qed on input line 273.
)
(C:\Users\martinez\AppData\Local\Programs\MiKTeX\tex/latex/booktabs\booktabs.st
y
Package: booktabs 2020/01/12 v1.61803398 Publication quality tables
\heavyrulewidth=\dimen155
\lightrulewidth=\dimen156
\cmidrulewidth=\dimen157
\belowrulesep=\dimen158
\belowbottomsep=\dimen159
\aboverulesep=\dimen160
\abovetopsep=\dimen161
\cmidrulesep=\dimen162
\cmidrulekern=\dimen163
\defaultaddspace=\dimen164
\@cmidla=\count280
\@cmidlb=\count281
\@aboverulesep=\dimen165
\@belowrulesep=\dimen166
\@thisruleclass=\count282
\@lastruleclass=\count283
\@thisrulewidth=\dimen167
) (C:\Users\martinez\AppData\Local\Programs\MiKTeX\tex/latex/xcolor\xcolor.sty
Package: xcolor 2021/10/31 v2.13 LaTeX color extensions (UK)

(C:\Users\martinez\AppData\Local\Programs\MiKTeX\tex/latex/graphics-cfg\color.c
fg
File: color.cfg 2016/01/02 v1.6 sample color configuration
)
Package xcolor Info: Driver file: pdftex.def on input line 227.
Package xcolor Info: Model `cmy' substituted by `cmy0' on input line 1352.
Package xcolor Info: Model `hsb' substituted by `rgb' on input line 1356.
Package xcolor Info: Model `RGB' extended on input line 1368.
Package xcolor Info: Model `HTML' substituted by `rgb' on input line 1370.
Package xcolor Info: Model `Hsb' substituted by `hsb' on input line 1371.
Package xcolor Info: Model `tHsb' substituted by `hsb' on input line 1372.
Package xcolor Info: Model `HSB' substituted by `hsb' on input line 1373.
Package xcolor Info: Model `Gray' substituted by `gray' on input line 1374.
Package xcolor Info: Model `wave' substituted by `hsb' on input line 1375.
) (C:\Users\martinez\AppData\Local\Programs\MiKTeX\tex/latex/url\url.sty
\Urlmuskip=\muskip17
Package: url 2013/09/16  ver 3.4  Verb mode for urls, etc.
)
(C:\Users\martinez\AppData\Local\Programs\MiKTeX\tex/latex/lineno\lineno.sty
Package: lineno 2005/11/02 line numbers on paragraphs v4.41
\linenopenalty=\count284
\output=\toks30
\linenoprevgraf=\count285
\linenumbersep=\dimen168
\linenumberwidth=\dimen169
\c@linenumber=\count286
\c@pagewiselinenumber=\count287
\c@LN@truepage=\count288
\c@internallinenumber=\count289
\c@internallinenumbers=\count290
\quotelinenumbersep=\dimen170
\bframerule=\dimen171
\bframesep=\dimen172
\bframebox=\box59
LaTeX Info: Redefining \\ on input line 3056.
)
(C:\Users\martinez\AppData\Local\Programs\MiKTeX\tex/latex/hyperref\hyperref.st
y
Package: hyperref 2022-02-21 v7.00n Hypertext links for LaTeX

(C:\Users\martinez\AppData\Local\Programs\MiKTeX\tex/generic/ltxcmds\ltxcmds.st
y
Package: ltxcmds 2020-05-10 v1.25 LaTeX kernel commands for general use (HO)
) (C:\Users\martinez\AppData\Local\Programs\MiKTeX\tex/generic/iftex\iftex.sty
Package: iftex 2022/02/03 v1.0f TeX engine tests
)
(C:\Users\martinez\AppData\Local\Programs\MiKTeX\tex/generic/pdftexcmds\pdftexc
mds.sty
Package: pdftexcmds 2020-06-27 v0.33 Utility functions of pdfTeX for LuaTeX (HO
)

(C:\Users\martinez\AppData\Local\Programs\MiKTeX\tex/generic/infwarerr\infwarer
r.sty
Package: infwarerr 2019/12/03 v1.5 Providing info/warning/error messages (HO)
)
Package pdftexcmds Info: \pdf@primitive is available.
Package pdftexcmds Info: \pdf@ifprimitive is available.
Package pdftexcmds Info: \pdfdraftmode found.
)
(C:\Users\martinez\AppData\Local\Programs\MiKTeX\tex/generic/kvsetkeys\kvsetkey
s.sty
Package: kvsetkeys 2019/12/15 v1.18 Key value parser (HO)
)
(C:\Users\martinez\AppData\Local\Programs\MiKTeX\tex/generic/kvdefinekeys\kvdef
inekeys.sty
Package: kvdefinekeys 2019-12-19 v1.6 Define keys (HO)
)
(C:\Users\martinez\AppData\Local\Programs\MiKTeX\tex/generic/pdfescape\pdfescap
e.sty
Package: pdfescape 2019/12/09 v1.15 Implements pdfTeX's escape features (HO)
)
(C:\Users\martinez\AppData\Local\Programs\MiKTeX\tex/latex/hycolor\hycolor.sty
Package: hycolor 2020-01-27 v1.10 Color options for hyperref/bookmark (HO)
)
(C:\Users\martinez\AppData\Local\Programs\MiKTeX\tex/latex/letltxmacro\letltxma
cro.sty
Package: letltxmacro 2019/12/03 v1.6 Let assignment for LaTeX macros (HO)
)
(C:\Users\martinez\AppData\Local\Programs\MiKTeX\tex/latex/auxhook\auxhook.sty
Package: auxhook 2019-12-17 v1.6 Hooks for auxiliary files (HO)
)
(C:\Users\martinez\AppData\Local\Programs\MiKTeX\tex/latex/kvoptions\kvoptions.
sty
Package: kvoptions 2020-10-07 v3.14 Key value format for package options (HO)
)
\@linkdim=\dimen173
\Hy@linkcounter=\count291
\Hy@pagecounter=\count292

(C:\Users\martinez\AppData\Local\Programs\MiKTeX\tex/latex/hyperref\pd1enc.def
File: pd1enc.def 2022-02-21 v7.00n Hyperref: PDFDocEncoding definition (HO)
Now handling font encoding PD1 ...
... no UTF-8 mapping file for font encoding PD1
)
(C:\Users\martinez\AppData\Local\Programs\MiKTeX\tex/generic/intcalc\intcalc.st
y
Package: intcalc 2019/12/15 v1.3 Expandable calculations with integers (HO)
)
(C:\Users\martinez\AppData\Local\Programs\MiKTeX\tex/generic/etexcmds\etexcmds.
sty
Package: etexcmds 2019/12/15 v1.7 Avoid name clashes with e-TeX commands (HO)
)
\Hy@SavedSpaceFactor=\count293

(C:\Users\martinez\AppData\Local\Programs\MiKTeX\tex/latex/hyperref\puenc.def
File: puenc.def 2022-02-21 v7.00n Hyperref: PDF Unicode definition (HO)
Now handling font encoding PU ...
... no UTF-8 mapping file for font encoding PU
)
Package hyperref Info: Hyper figures OFF on input line 4137.
Package hyperref Info: Link nesting OFF on input line 4142.
Package hyperref Info: Hyper index ON on input line 4145.
Package hyperref Info: Plain pages OFF on input line 4152.
Package hyperref Info: Backreferencing OFF on input line 4157.
Package hyperref Info: Implicit mode ON; LaTeX internals redefined.
Package hyperref Info: Bookmarks ON on input line 4390.
\c@Hy@tempcnt=\count294
LaTeX Info: Redefining \url on input line 4749.
\XeTeXLinkMargin=\dimen174

(C:\Users\martinez\AppData\Local\Programs\MiKTeX\tex/generic/bitset\bitset.sty
Package: bitset 2019/12/09 v1.3 Handle bit-vector datatype (HO)

(C:\Users\martinez\AppData\Local\Programs\MiKTeX\tex/generic/bigintcalc\bigintc
alc.sty
Package: bigintcalc 2019/12/15 v1.5 Expandable calculations on big integers (HO
)
))
\Fld@menulength=\count295
\Field@Width=\dimen175
\Fld@charsize=\dimen176
Package hyperref Info: Hyper figures OFF on input line 6027.
Package hyperref Info: Link nesting OFF on input line 6032.
Package hyperref Info: Hyper index ON on input line 6035.
Package hyperref Info: backreferencing OFF on input line 6042.
Package hyperref Info: Link coloring OFF on input line 6047.
Package hyperref Info: Link coloring with OCG OFF on input line 6052.
Package hyperref Info: PDF/A mode OFF on input line 6057.
LaTeX Info: Redefining \ref on input line 6097.
LaTeX Info: Redefining \pageref on input line 6101.

(C:\Users\martinez\AppData\Local\Programs\MiKTeX\tex/latex/base\atbegshi-ltx.st
y
Package: atbegshi-ltx 2021/01/10 v1.0c Emulation of the original atbegshi
package with kernel methods
)
\Hy@abspage=\count296
\c@Item=\count297
\c@Hfootnote=\count298
)
Package hyperref Info: Driver (autodetected): hpdftex.

(C:\Users\martinez\AppData\Local\Programs\MiKTeX\tex/latex/hyperref\hpdftex.def
File: hpdftex.def 2022-02-21 v7.00n Hyperref driver for pdfTeX

(C:\Users\martinez\AppData\Local\Programs\MiKTeX\tex/latex/base\atveryend-ltx.s
ty
Package: atveryend-ltx 2020/08/19 v1.0a Emulation of the original atveryend pac
kage
with kernel methods
)
\Fld@listcount=\count299
\c@bookmark@seq@number=\count300

(C:\Users\martinez\AppData\Local\Programs\MiKTeX\tex/latex/rerunfilecheck\rerun
filecheck.sty
Package: rerunfilecheck 2019/12/05 v1.9 Rerun checks for auxiliary files (HO)

(C:\Users\martinez\AppData\Local\Programs\MiKTeX\tex/generic/uniquecounter\uniq
uecounter.sty
Package: uniquecounter 2019/12/15 v1.4 Provide unlimited unique counter (HO)
)
Package uniquecounter Info: New unique counter `rerunfilecheck' on input line 2
86.
)
\Hy@SectionHShift=\skip59
)
\c@proposition=\count301
\c@definition=\count302
\c@remark=\count303
 (main.aux)
\openout1 = `main.aux'.

LaTeX Font Info:    Checking defaults for OML/cmm/m/it on input line 26.
LaTeX Font Info:    ... okay on input line 26.
LaTeX Font Info:    Checking defaults for OMS/cmsy/m/n on input line 26.
LaTeX Font Info:    ... okay on input line 26.
LaTeX Font Info:    Checking defaults for OT1/cmr/m/n on input line 26.
LaTeX Font Info:    ... okay on input line 26.
LaTeX Font Info:    Checking defaults for T1/cmr/m/n on input line 26.
LaTeX Font Info:    ... okay on input line 26.
LaTeX Font Info:    Checking defaults for TS1/cmr/m/n on input line 26.
LaTeX Font Info:    ... okay on input line 26.
LaTeX Font Info:    Checking defaults for OMX/cmex/m/n on input line 26.
LaTeX Font Info:    ... okay on input line 26.
LaTeX Font Info:    Checking defaults for U/cmr/m/n on input line 26.
LaTeX Font Info:    ... okay on input line 26.
LaTeX Font Info:    Checking defaults for PD1/pdf/m/n on input line 26.
LaTeX Font Info:    ... okay on input line 26.
LaTeX Font Info:    Checking defaults for PU/pdf/m/n on input line 26.
LaTeX Font Info:    ... okay on input line 26.

(C:\Users\martinez\AppData\Local\Programs\MiKTeX\tex/context/base/mkii\supp-pdf
.mkii
[Loading MPS to PDF converter (version 2006.09.02).]
\scratchcounter=\count304
\scratchdimen=\dimen177
\scratchbox=\box60
\nofMPsegments=\count305
\nofMParguments=\count306
\everyMPshowfont=\toks31
\MPscratchCnt=\count307
\MPscratchDim=\dimen178
\MPnumerator=\count308
\makeMPintoPDFobject=\count309
\everyMPtoPDFconversion=\toks32
)
(C:\Users\martinez\AppData\Local\Programs\MiKTeX\tex/latex/epstopdf-pkg\epstopd
f-base.sty
Package: epstopdf-base 2020-01-24 v2.11 Base part for package epstopdf
Package epstopdf-base Info: Redefining graphics rule for `.eps' on input line 4
85.

(C:\Users\martinez\AppData\Local\Programs\MiKTeX\tex/latex/00miktex\epstopdf-sy
s.cfg
File: epstopdf-sys.cfg 2021/03/18 v2.0 Configuration of epstopdf for MiKTeX
))
Package hyperref Info: Link coloring OFF on input line 26.

(C:\Users\martinez\AppData\Local\Programs\MiKTeX\tex/latex/hyperref\nameref.sty
Package: nameref 2021-04-02 v2.47 Cross-referencing by name of section

(C:\Users\martinez\AppData\Local\Programs\MiKTeX\tex/latex/refcount\refcount.st
y
Package: refcount 2019/12/15 v3.6 Data extraction from label references (HO)
)
(C:\Users\martinez\AppData\Local\Programs\MiKTeX\tex/generic/gettitlestring\get
titlestring.sty
Package: gettitlestring 2019/12/15 v1.6 Cleanup title references (HO)
)
\c@section@level=\count310
)
LaTeX Info: Redefining \ref on input line 26.
LaTeX Info: Redefining \pageref on input line 26.
LaTeX Info: Redefining \nameref on input line 26.
 (main.out) (main.out)
\@outlinefile=\write4
\openout4 = `main.out'.

LaTeX Font Info:    Trying to load font information for U+msa on input line 50.


(C:\Users\martinez\AppData\Local\Programs\MiKTeX\tex/latex/amsfonts\umsa.fd
File: umsa.fd 2013/01/14 v3.01 AMS symbols A
)
LaTeX Font Info:    Trying to load font information for U+msb on input line 50.


(C:\Users\martinez\AppData\Local\Programs\MiKTeX\tex/latex/amsfonts\umsb.fd
File: umsb.fd 2013/01/14 v3.01 AMS symbols B
)
Overfull \hbox (10.24255pt too wide) in paragraph at lines 43--66
\T1/cmr/m/n/12 AI-native data sys-tems an-swer queries by rout-ing among het-er
o-ge-neous sources:
 []

LaTeX Font Info:    Trying to load font information for T1+cmtt on input line 7
3.
(C:\Users\martinez\AppData\Local\Programs\MiKTeX\tex/latex/base\t1cmtt.fd
File: t1cmtt.fd 2019/12/16 v2.5j Standard LaTeX font definitions
)

Package hyperref Warning: Token not allowed in a PDF string (Unicode):
(hyperref)                removing `\<def>-command' on input line 73.


Package hyperref Warning: Token not allowed in a PDF string (Unicode):
(hyperref)                removing `\cnotenum' on input line 73.


Package hyperref Warning: Token not allowed in a PDF string (Unicode):
(hyperref)                removing `\<def>-command' on input line 73.


Package hyperref Warning: Token not allowed in a PDF string (Unicode):
(hyperref)                removing `\@corref' on input line 73.

[1


{C:/Users/martinez/AppData/Local/MiKTeX/fonts/map/pdftex/pdftex.map}]
LaTeX Font Info:    Trying to load font information for T1+cmss on input line 7
7.

(C:\Users\martinez\AppData\Local\Programs\MiKTeX\tex/latex/base\t1cmss.fd
File: t1cmss.fd 2019/12/16 v2.5j Standard LaTeX font definitions
)
Overfull \hbox (5.77008pt too wide) in paragraph at lines 88--95
[]\T1/cmr/m/n/12 The com-po-nent that de-cides \T1/cmr/m/it/12 which source(s) 
to query \T1/cmr/m/n/12 is a \T1/cmr/m/it/12 resource-selection
 []

[2]
Overfull \hbox (5.8548pt too wide) in paragraph at lines 124--136
 []\T1/cmr/m/it/12 The provenance-blindness prob-lem. \T1/cmr/m/n/12 Con-sider 
a fed-er-a-tion that con-tains, along-
 []


Overfull \hbox (4.86333pt too wide) in paragraph at lines 153--164
\T1/cmr/m/n/12 based rout-ing ac-cu-racy col-lapses to $\OT1/cmr/m/n/12 0\OML/c
mm/m/it/12 :\OT1/cmr/m/n/12 431$ \T1/cmr/m/n/12 (CORI) and $\OT1/cmr/m/n/12 0\O
ML/cmm/m/it/12 :\OT1/cmr/m/n/12 396$ \T1/cmr/m/n/12 (ReDDE), roughly
 []

[3]
Overfull \hbox (0.60449pt too wide) in paragraph at lines 179--185
\T1/cmr/m/n/12 (CORI, ReDDE) with sta-tis-ti-cal rigor: query-clustered paired 
Wilcoxon
 []


Overfull \hbox (47.14456pt too wide) in paragraph at lines 189--194
[]\T1/cmr/m/n/12 We \T1/cmr/m/it/12 gen-er-al-ize the threat model \T1/cmr/m/n/
12 be-yond ex-act twins (Sec-tion []8[]): graded/stochastic
 []

[4]
Overfull \hbox (7.91351pt too wide) in paragraph at lines 200--208
 []\T1/cmr/m/it/12 Organization. \T1/cmr/m/n/12 Sec-tion []2[] sur-veys re-late
d work. Sec-tion []3[] for-mal-izes provenance-
 []

[5] [6] [7] [8] [9]
Overfull \hbox (6.56152pt too wide) in paragraph at lines 430--432
[]\T1/cmr/m/n/12 The router in-stan-ti-ates Eq. [] by scor-ing each source by r
el-e-vance weighted
 []


Overfull \hbox (22.92146pt too wide) in paragraph at lines 446--450
\T1/cmr/m/n/12 folded back. The out-come is $\OML/cmm/m/it/12 o \OT1/cmr/m/n/12
 = \U/msb/m/n/12 1\OT1/cmr/m/n/12 [ \OML/cmm/m/it/12 R[]\OT1/cmr/m/n/12 (\OML/c
mm/m/it/12 q\OT1/cmr/m/n/12 )[] ]$\T1/cmr/m/n/12 ,
 []

[10]
Underfull \hbox (badness 10000) in paragraph at lines 475--475

 []

[11] (tables/table_testbed.tex)
Overfull \hbox (4.53883pt too wide) in paragraph at lines 1--519
 [][] 
 []

[12]
Overfull \hbox (76.57864pt too wide) in paragraph at lines 549--557
\T1/cmr/m/n/12 ants, fig-ures, and L[]T[]X tables---reruns with \T1/cmtt/m/n/12
 python -m trust_aware --federated-study\T1/cmr/m/n/12 ,
 []


Overfull \hbox (115.77101pt too wide) in paragraph at lines 549--557
\T1/cmr/m/n/12 and the gen-er-al-ized threat-model study (Sec-tion []8[]) re-ru
ns with \T1/cmtt/m/n/12 examples/run_extended_study.py\T1/cmr/m/n/12 .
 []


LaTeX Font Warning: Font shape `T1/cmr/m/scit' undefined
(Font)              using `T1/cmr/m/sc' instead on input line 560.

[13] (tables/table_main.tex)
Overfull \hbox (6.4416pt too wide) in paragraph at lines 592--600
\T1/cmr/m/n/12 mance pre-served at the worst con-tam-i-na-tion level (eight twi
ns). \T1/cmr/m/sc/12 TrustRoute
 []

[14] (tables/table_sweep.tex) (tables/table_variant_sensitivity.tex)
Overfull \hbox (48.99916pt too wide) in paragraph at lines 1--631
 [][] 
 []

<figures//fig_robustness_routing.pdf, id=376, 257.76253pt x 174.65202pt>
File: figures//fig_robustness_routing.pdf Graphic file (type pdf)
<use figures//fig_robustness_routing.pdf>
Package pdftex.def Info: figures//fig_robustness_routing.pdf  used on input lin
e 635.
(pdftex.def)             Requested size: 358.79929pt x 243.12004pt.
<figures//fig_robustness_ndcg.pdf, id=377, 257.76253pt x 174.65211pt>
File: figures//fig_robustness_ndcg.pdf Graphic file (type pdf)
<use figures//fig_robustness_ndcg.pdf>
Package pdftex.def Info: figures//fig_robustness_ndcg.pdf  used on input line 6
36.
(pdftex.def)             Requested size: 358.79929pt x 243.12018pt.
<figures//fig_adversary_variants.pdf, id=378, 521.54805pt x 191.716pt>
File: figures//fig_adversary_variants.pdf Graphic file (type pdf)
<use figures//fig_adversary_variants.pdf>
Package pdftex.def Info: figures//fig_adversary_variants.pdf  used on input lin
e 646.
(pdftex.def)             Requested size: 370.49881pt x 136.19536pt.
[15] (tables/table_significance.tex)
Overfull \hbox (13.5334pt too wide) in paragraph at lines 675--689
\T1/cmr/m/n/12 nDCG@10$\OT1/cmr/m/n/12 = 0\OML/cmm/m/it/12 :\OT1/cmr/m/n/12 436
$\T1/cmr/m/n/12 ) and also marginally cheap-est (cost $\OT1/cmr/m/n/12 0\OML/cm
m/m/it/12 :\OT1/cmr/m/n/12 428$ \T1/cmr/m/n/12 vs. \T1/cmr/m/sc/12 TrustRoute\T
1/cmr/m/n/12 's
 []

(tables/table_online_baselines.tex)
<figures//fig_online_baselines.pdf, id=391, 521.54805pt x 192.71953pt>
File: figures//fig_online_baselines.pdf Graphic file (type pdf)
<use figures//fig_online_baselines.pdf>
Package pdftex.def Info: figures//fig_online_baselines.pdf  used on input line 
701.
(pdftex.def)             Requested size: 370.49881pt x 136.90826pt.
 [16] (tables/table_budget.tex) [17]
<figures//fig_learning_curve.pdf, id=408, 257.76256pt x 174.65211pt>
File: figures//fig_learning_curve.pdf Graphic file (type pdf)
<use figures//fig_learning_curve.pdf>
Package pdftex.def Info: figures//fig_learning_curve.pdf  used on input line 74
3.
(pdftex.def)             Requested size: 386.10214pt x 261.62308pt.
<figures//fig_learned_trust.pdf, id=409, 264.98952pt x 178.26552pt>
File: figures//fig_learned_trust.pdf Graphic file (type pdf)
<use figures//fig_learned_trust.pdf>
Package pdftex.def Info: figures//fig_learned_trust.pdf  used on input line 744
.
(pdftex.def)             Requested size: 358.79929pt x 241.39063pt.


LaTeX Warning: Float too large for page by 5.45767pt on input line 749.

<figures//fig_clean_vs_untrusted.pdf, id=413, 521.54805pt x 198.94301pt>
File: figures//fig_clean_vs_untrusted.pdf Graphic file (type pdf)
<use figures//fig_clean_vs_untrusted.pdf>
Package pdftex.def Info: figures//fig_clean_vs_untrusted.pdf  used on input lin
e 765.
(pdftex.def)             Requested size: 386.10214pt x 147.27925pt.
[18] (tables/table_calibration.tex)
Overfull \hbox (8.24745pt too wide) in paragraph at lines 1--808
 [][] 
 []

<figures//fig_calibration.pdf, id=423, 257.76253pt x 218.01402pt>
File: figures//fig_calibration.pdf Graphic file (type pdf)
<use figures//fig_calibration.pdf>
Package pdftex.def Info: figures//fig_calibration.pdf  used on input line 812.
(pdftex.def)             Requested size: 370.49881pt x 313.37773pt.
<figures//fig_drift.pdf, id=426, 257.76253pt x 196.33302pt>
File: figures//fig_drift.pdf Graphic file (type pdf)
<use figures//fig_drift.pdf>
Package pdftex.def Info: figures//fig_drift.pdf  used on input line 835.
(pdftex.def)             Requested size: 370.49881pt x 282.21303pt.
[19] (tables/table_hyperparam.tex) [20] [21]
Overfull \hbox (5.54959pt too wide) in paragraph at lines 958--970
\T1/cmr/m/n/12 ate from the re-leased ar-ti-fact at []$\T1/cmtt/m/n/12 https : 
/ / github . com / jorge-[]martinez-[]gil /
 []


Overfull \hbox (64.7303pt too wide) in paragraph at lines 958--970
\T1/cmtt/m/n/12 trust-[]aware$[]\T1/cmr/m/n/12 . The core study re-runs with \T
1/cmtt/m/n/12 python -m trust_aware --federated-study
 []


Overfull \hbox (81.11696pt too wide) in paragraph at lines 958--970
\T1/cmr/m/n/12 and the gen-er-al-ized threat-model study (Sec-tion []8[]) with 
\T1/cmtt/m/n/12 examples/run_extended_study.py\T1/cmr/m/n/12 .
 []

[22] (main.bbl [23] [24] [25]) [26] [27 <./figures//fig_robustness_routing.pdf>
 <./figures//fig_robustness_ndcg.pdf>] [28 <./figures//fig_adversary_variants.p
df> <./figures//fig_online_baselines.pdf>] [29 <./figures//fig_learning_curve.p
df> <./figures//fig_learned_trust.pdf>] [30 <./figures//fig_clean_vs_untrusted.
pdf>] [31 <./figures//fig_calibration.pdf>] [32 <./figures//fig_drift.pdf>]
(main.aux)
Package rerunfilecheck Info: File `main.out' has not changed.
(rerunfilecheck)             Checksum: 12A2992A1EBCECDDD262FF33722E4824;7364.
 ) 
Here is how much of TeX's memory you used:
 11970 strings out of 478619
 188576 string characters out of 2841830
 487606 words of memory out of 3000000
 29762 multiletter control sequences out of 15000+600000
 492805 words of font info for 83 fonts, out of 8000000 for 9000
 1141 hyphenation exceptions out of 8191
 70i,14n,76p,442b,577s stack positions out of 10000i,1000n,20000p,200000b,80000s
 <C:\Users\martinez\AppData\Local\MiKTeX\fonts/pk/ljfour/jknappen/ec/dpi600\e
crm0600.pk> <C:\Users\martinez\AppData\Local\MiKTeX\fonts/pk/ljfour/jknappen/ec
/dpi600\ecbx0800.pk> <C:\Users\martinez\AppData\Local\MiKTeX\fonts/pk/ljfour/jk
nappen/ec/dpi600\ecti0800.pk> <C:\Users\martinez\AppData\Local\MiKTeX\fonts/pk/
ljfour/jknappen/ec/dpi600\ecti1095.pk> <C:\Users\martinez\AppData\Local\MiKTeX\
fonts/pk/ljfour/jknappen/ec/dpi600\ectt1200.pk> <C:\Users\martinez\AppData\Loca
l\MiKTeX\fonts/pk/ljfour/jknappen/ec/dpi600\eccc1000.pk> <C:\Users\martinez\App
Data\Local\MiKTeX\fonts/pk/ljfour/jknappen/ec/dpi600\eccc1095.pk> <C:\Users\mar
tinez\AppData\Local\MiKTeX\fonts/pk/ljfour/jknappen/ec/dpi600\ecrm1095.pk> <C:\
Users\martinez\AppData\Local\MiKTeX\fonts/pk/ljfour/jknappen/ec/dpi600\ecbx1095
.pk> <C:\Users\martinez\AppData\Local\MiKTeX\fonts/pk/ljfour/jknappen/ec/dpi600
\tcrm1200.pk> <C:\Users\martinez\AppData\Local\MiKTeX\fonts/pk/ljfour/jknappen/
ec/dpi600\ecss0600.pk> <C:\Users\martinez\AppData\Local\MiKTeX\fonts/pk/ljfour/
jknappen/ec/dpi600\ecti1200.pk> <C:\Users\martinez\AppData\Local\MiKTeX\fonts/p
k/ljfour/jknappen/ec/dpi600\ectt1000.pk> <C:\Users\martinez\AppData\Local\MiKTe
X\fonts/pk/ljfour/jknappen/ec/dpi600\ecrm1000.pk> <C:\Users\martinez\AppData\Lo
cal\MiKTeX\fonts/pk/ljfour/jknappen/ec/dpi600\eccc1200.pk> <C:\Users\martinez\A
ppData\Local\MiKTeX\fonts/pk/ljfour/jknappen/ec/dpi600\ecbx1200.pk> <C:\Users\m
artinez\AppData\Local\MiKTeX\fonts/pk/ljfour/jknappen/ec/dpi600\ecti1000.pk> <C
:\Users\martinez\AppData\Local\MiKTeX\fonts/pk/ljfour/jknappen/ec/dpi600\ecti07
00.pk> <C:\Users\martinez\AppData\Local\MiKTeX\fonts/pk/ljfour/jknappen/ec/dpi6
00\ecrm0800.pk> <C:\Users\martinez\AppData\Local\MiKTeX\fonts/pk/ljfour/jknappe
n/ec/dpi600\ecrm1200.pk> <C:\Users\martinez\AppData\Local\MiKTeX\fonts/pk/ljfou
r/jknappen/ec/dpi600\ecrm1728.pk><C:/Users/martinez/AppData/Local/Programs/MiKT
eX/fonts/type1/public/amsfonts/cm/cmex10.pfb><C:/Users/martinez/AppData/Local/P
rograms/MiKTeX/fonts/type1/public/amsfonts/cm/cmmi10.pfb><C:/Users/martinez/App
Data/Local/Programs/MiKTeX/fonts/type1/public/amsfonts/cm/cmmi12.pfb><C:/Users/
martinez/AppData/Local/Programs/MiKTeX/fonts/type1/public/amsfonts/cm/cmmi6.pfb
><C:/Users/martinez/AppData/Local/Programs/MiKTeX/fonts/type1/public/amsfonts/c
m/cmmi8.pfb><C:/Users/martinez/AppData/Local/Programs/MiKTeX/fonts/type1/public
/amsfonts/cm/cmr10.pfb><C:/Users/martinez/AppData/Local/Programs/MiKTeX/fonts/t
ype1/public/amsfonts/cm/cmr12.pfb><C:/Users/martinez/AppData/Local/Programs/MiK
TeX/fonts/type1/public/amsfonts/cm/cmr6.pfb><C:/Users/martinez/AppData/Local/Pr
ograms/MiKTeX/fonts/type1/public/amsfonts/cm/cmr7.pfb><C:/Users/martinez/AppDat
a/Local/Programs/MiKTeX/fonts/type1/public/amsfonts/cm/cmr8.pfb><C:/Users/marti
nez/AppData/Local/Programs/MiKTeX/fonts/type1/public/amsfonts/cm/cmsy10.pfb><C:
/Users/martinez/AppData/Local/Programs/MiKTeX/fonts/type1/public/amsfonts/cm/cm
sy7.pfb><C:/Users/martinez/AppData/Local/Programs/MiKTeX/fonts/type1/public/ams
fonts/cm/cmsy8.pfb><C:/Users/martinez/AppData/Local/Programs/MiKTeX/fonts/type1
/public/amsfonts/symbols/msbm10.pfb>
Output written on main.pdf (32 pages, 708299 bytes).
PDF statistics:
 1717 PDF objects out of 1728 (max. 8388607)
 141 named destinations out of 1000 (max. 500000)
 334 words of extra memory for PDF output out of 10000 (max. 10000000)

